[
  {
    "_id": "__OBJECT_ID__",
    "eId": "/yt/jI3YrVfOksE",
    "name": "BOYLE - Roppongi Hills (Music Video)",
    "pl": {
      "id": 2,
      "name": "ðŸŽ¸ Rock"
    },
    "src": {
      "id": "https://www.youtube.com/watch?v=jI3YrVfOksE",
      "name": "BOYLE - Roppongi Hills (Music Video) - YouTube"
    },
    "text": "",
    "uId": "4d94501d1f78ac091dbc9b4d",
    "uNm": "Adrien Joly"
  }
]
