{
  "_id": "__OBJECT_ID__",
  "ctx": "bk",
  "eId": "/yt/jI3YrVfOksE",
  "img": "https://i.ytimg.com/vi/jI3YrVfOksE/default.jpg",
  "isNew": true,
  "name": "BOYLE - Roppongi Hills (Music Video)",
  "pl": {
    "id": 65,
    "name": "My New Playlist"
  },
  "src": {
    "id": "https://www.youtube.com/watch?v=jI3YrVfOksE",
    "name": "BOYLE - Roppongi Hills (Music Video) - YouTube"
  },
  "text": "",
  "uId": "4d94501d1f78ac091dbc9b4d",
  "uNm": "Adrien Joly"
}
