[
  {
    "_id": "__OBJECT_ID__",
    "eId": "/yt/XdJVWSqb4Ck",
    "name": "Lullaby - Jack Johnson and Matt Costa",
    "text": "",
    "uId": "4d94501d1f78ac091dbc9b4d",
    "uNm": "Adrien Joly"
  }
]
