[
  {
    "_id": "__OBJECT_ID__",
    "ctx": "bk",
    "eId": "/yt/jI3YrVfOksE",
    "img": "https://i.ytimg.com/vi/jI3YrVfOksE/default.jpg",
    "name": "BOYLE - Roppongi Hills (Music Video)",
    "src": {
      "id": "https://www.youtube.com/watch?v=jI3YrVfOksE",
      "name": "BOYLE - Roppongi Hills (Music Video) - YouTube"
    },
    "text": "",
    "uId": "4d94501d1f78ac091dbc9b4d",
    "uNm": "Adrien Joly"
  },
  {
    "_id": "__OBJECT_ID__",
    "eId": "/yt/jI3YrVfOksE",
    "img": "https://i.ytimg.com/vi/jI3YrVfOksE/default.jpg",
    "lov": [],
    "name": "BOYLE - Roppongi Hills (Music Video)",
    "nbP": 0,
    "nbR": 0,
    "pl": {
      "id": 2,
      "name": "ðŸŽ¸ Rock"
    },
    "repost": {
      "pId": "__OBJECT_ID__",
      "uId": "4d94501d1f78ac091dbc9b4d",
      "uNm": "Adrien Joly"
    },
    "text": "",
    "uId": "4d94501d1f78ac091dbc9b4d",
    "uNm": "Adrien Joly"
  }
]
